Archive member included to satisfy reference by file (symbol)

c:/st/stm32cubeide_1.9.0/stm32cubeide/plugins/com.st.stm32cube.ide.mcu.externaltools.gnu-tools-for-stm32.10.3-2021.10.win32_1.0.0.202111181127/tools/bin/../lib/gcc/arm-none-eabi/10.3.1/../../../../arm-none-eabi/lib/thumb/v7e-m+fp/hard\libc_nano.a(lib_a-errno.o)
                              ./Core/Src/syscalls.o (__errno)
c:/st/stm32cubeide_1.9.0/stm32cubeide/plugins/com.st.stm32cube.ide.mcu.externaltools.gnu-tools-for-stm32.10.3-2021.10.win32_1.0.0.202111181127/tools/bin/../lib/gcc/arm-none-eabi/10.3.1/../../../../arm-none-eabi/lib/thumb/v7e-m+fp/hard\libc_nano.a(lib_a-exit.o)
                              c:/st/stm32cubeide_1.9.0/stm32cubeide/plugins/com.st.stm32cube.ide.mcu.externaltools.gnu-tools-for-stm32.10.3-2021.10.win32_1.0.0.202111181127/tools/bin/../lib/gcc/arm-none-eabi/10.3.1/../../../../arm-none-eabi/lib/thumb/v7e-m+fp/hard/crt0.o (exit)
c:/st/stm32cubeide_1.9.0/stm32cubeide/plugins/com.st.stm32cube.ide.mcu.externaltools.gnu-tools-for-stm32.10.3-2021.10.win32_1.0.0.202111181127/tools/bin/../lib/gcc/arm-none-eabi/10.3.1/../../../../arm-none-eabi/lib/thumb/v7e-m+fp/hard\libc_nano.a(lib_a-findfp.o)
                              ./Middlewares/Third_Party/FreeRTOS/Source/tasks.o (__sf_fake_stderr)
c:/st/stm32cubeide_1.9.0/stm32cubeide/plugins/com.st.stm32cube.ide.mcu.externaltools.gnu-tools-for-stm32.10.3-2021.10.win32_1.0.0.202111181127/tools/bin/../lib/gcc/arm-none-eabi/10.3.1/../../../../arm-none-eabi/lib/thumb/v7e-m+fp/hard\libc_nano.a(lib_a-fwalk.o)
                              c:/st/stm32cubeide_1.9.0/stm32cubeide/plugins/com.st.stm32cube.ide.mcu.externaltools.gnu-tools-for-stm32.10.3-2021.10.win32_1.0.0.202111181127/tools/bin/../lib/gcc/arm-none-eabi/10.3.1/../../../../arm-none-eabi/lib/thumb/v7e-m+fp/hard\libc_nano.a(lib_a-findfp.o) (_fwalk)
c:/st/stm32cubeide_1.9.0/stm32cubeide/plugins/com.st.stm32cube.ide.mcu.externaltools.gnu-tools-for-stm32.10.3-2021.10.win32_1.0.0.202111181127/tools/bin/../lib/gcc/arm-none-eabi/10.3.1/../../../../arm-none-eabi/lib/thumb/v7e-m+fp/hard\libc_nano.a(lib_a-impure.o)
                              c:/st/stm32cubeide_1.9.0/stm32cubeide/plugins/com.st.stm32cube.ide.mcu.externaltools.gnu-tools-for-stm32.10.3-2021.10.win32_1.0.0.202111181127/tools/bin/../lib/gcc/arm-none-eabi/10.3.1/../../../../arm-none-eabi/lib/thumb/v7e-m+fp/hard\libc_nano.a(lib_a-exit.o) (_global_impure_ptr)
c:/st/stm32cubeide_1.9.0/stm32cubeide/plugins/com.st.stm32cube.ide.mcu.externaltools.gnu-tools-for-stm32.10.3-2021.10.win32_1.0.0.202111181127/tools/bin/../lib/gcc/arm-none-eabi/10.3.1/../../../../arm-none-eabi/lib/thumb/v7e-m+fp/hard\libc_nano.a(lib_a-init.o)
                              c:/st/stm32cubeide_1.9.0/stm32cubeide/plugins/com.st.stm32cube.ide.mcu.externaltools.gnu-tools-for-stm32.10.3-2021.10.win32_1.0.0.202111181127/tools/bin/../lib/gcc/arm-none-eabi/10.3.1/../../../../arm-none-eabi/lib/thumb/v7e-m+fp/hard/crt0.o (__libc_init_array)
c:/st/stm32cubeide_1.9.0/stm32cubeide/plugins/com.st.stm32cube.ide.mcu.externaltools.gnu-tools-for-stm32.10.3-2021.10.win32_1.0.0.202111181127/tools/bin/../lib/gcc/arm-none-eabi/10.3.1/../../../../arm-none-eabi/lib/thumb/v7e-m+fp/hard\libc_nano.a(lib_a-lock.o)
                              c:/st/stm32cubeide_1.9.0/stm32cubeide/plugins/com.st.stm32cube.ide.mcu.externaltools.gnu-tools-for-stm32.10.3-2021.10.win32_1.0.0.202111181127/tools/bin/../lib/gcc/arm-none-eabi/10.3.1/../../../../arm-none-eabi/lib/thumb/v7e-m+fp/hard\libc_nano.a(lib_a-findfp.o) (__retarget_lock_init_recursive)
c:/st/stm32cubeide_1.9.0/stm32cubeide/plugins/com.st.stm32cube.ide.mcu.externaltools.gnu-tools-for-stm32.10.3-2021.10.win32_1.0.0.202111181127/tools/bin/../lib/gcc/arm-none-eabi/10.3.1/../../../../arm-none-eabi/lib/thumb/v7e-m+fp/hard\libc_nano.a(lib_a-memcpy-stub.o)
                              ./Middlewares/Third_Party/FreeRTOS/Source/queue.o (memcpy)
c:/st/stm32cubeide_1.9.0/stm32cubeide/plugins/com.st.stm32cube.ide.mcu.externaltools.gnu-tools-for-stm32.10.3-2021.10.win32_1.0.0.202111181127/tools/bin/../lib/gcc/arm-none-eabi/10.3.1/../../../../arm-none-eabi/lib/thumb/v7e-m+fp/hard\libc_nano.a(lib_a-memset.o)
                              c:/st/stm32cubeide_1.9.0/stm32cubeide/plugins/com.st.stm32cube.ide.mcu.externaltools.gnu-tools-for-stm32.10.3-2021.10.win32_1.0.0.202111181127/tools/bin/../lib/gcc/arm-none-eabi/10.3.1/../../../../arm-none-eabi/lib/thumb/v7e-m+fp/hard/crt0.o (memset)
c:/st/stm32cubeide_1.9.0/stm32cubeide/plugins/com.st.stm32cube.ide.mcu.externaltools.gnu-tools-for-stm32.10.3-2021.10.win32_1.0.0.202111181127/tools/bin/../lib/gcc/arm-none-eabi/10.3.1/../../../../arm-none-eabi/lib/thumb/v7e-m+fp/hard\libc_nano.a(lib_a-nano-mallocr.o)
[...]
Memory Configuration

Name             Origin             Length             Attributes
CCMRAM           0x0000000010000000 0x0000000000010000 xrw
RAM              0x0000000020000000 0x0000000000030000 xrw
FLASH            0x0000000008000000 0x0000000000200000 xr
*default*        0x0000000000000000 0xffffffffffffffff

Linker script and memory map

LOAD c:/st/stm32cubeide_1.9.0/stm32cubeide/plugins/com.st.stm32cube.ide.mcu.externaltools.gnu-tools-for-stm32.10.3-2021.10.win32_1.0.0.202111181127/tools/bin/../lib/gcc/arm-none-eabi/10.3.1/thumb/v7e-m+fp/hard/crti.o
LOAD c:/st/stm32cubeide_1.9.0/stm32cubeide/plugins/com.st.stm32cube.ide.mcu.externaltools.gnu-tools-for-stm32.10.3-2021.10.win32_1.0.0.202111181127/tools/bin/../lib/gcc/arm-none-eabi/10.3.1/thumb/v7e-m+fp/hard/crtbegin.o
LOAD c:/st/stm32cubeide_1.9.0/stm32cubeide/plugins/com.st.stm32cube.ide.mcu.externaltools.gnu-tools-for-stm32.10.3-2021.10.win32_1.0.0.202111181127/tools/bin/../lib/gcc/arm-none-eabi/10.3.1/../../../../arm-none-eabi/lib/thumb/v7e-m+fp/hard/crt0.o
LOAD ./Core/Src/freertos.o
LOAD ./Core/Src/main.o
LOAD ./Core/Src/stm32f4xx_it.o
LOAD ./Core/Src/syscalls.o
LOAD ./Core/Src/sysmem.o
LOAD ./Core/Src/system_stm32f4xx.o
LOAD ./Core/Startup/startup_stm32f429zitx.o
LOAD ./Drivers/STM32F4xx_StdPeriph_Driver/src/misc.o
LOAD ./Drivers/STM32F4xx_StdPeriph_Driver/src/stm32f4xx_dma.o
LOAD ./Drivers/STM32F4xx_StdPeriph_Driver/src/stm32f4xx_flash.o
LOAD ./Drivers/STM32F4xx_StdPeriph_Driver/src/stm32f4xx_gpio.o
LOAD ./Drivers/STM32F4xx_StdPeriph_Driver/src/stm32f4xx_rcc.o
LOAD ./Drivers/STM32F4xx_StdPeriph_Driver/src/stm32f4xx_spi.o
LOAD ./Drivers/STM32F4xx_StdPeriph_Driver/src/stm32f4xx_usart.o
LOAD ./Middlewares/Third_Party/FreeRTOS/Source/CMSIS_RTOS/cmsis_os.o
LOAD ./Middlewares/Third_Party/FreeRTOS/Source/croutine.o
LOAD ./Middlewares/Third_Party/FreeRTOS/Source/event_groups.o
LOAD ./Middlewares/Third_Party/FreeRTOS/Source/list.o
LOAD ./Middlewares/Third_Party/FreeRTOS/Source/queue.o
LOAD ./Middlewares/Third_Party/FreeRTOS/Source/stream_buffer.o
LOAD ./Middlewares/Third_Party/FreeRTOS/Source/tasks.o
LOAD ./Middlewares/Third_Party/FreeRTOS/Source/timers.o
LOAD ./Middlewares/Third_Party/FreeRTOS/Source/portable/GCC/ARM_CM4F/port.o
LOAD ./Middlewares/Third_Party/FreeRTOS/Source/portable/MemMang/heap_4.o
START GROUP
LOAD c:/st/stm32cubeide_1.9.0/stm32cubeide/plugins/com.st.stm32cube.ide.mcu.externaltools.gnu-tools-for-stm32.10.3-2021.10.win32_1.0.0.202111181127/tools/bin/../lib/gcc/arm-none-eabi/10.3.1/../../../../arm-none-eabi/lib/thumb/v7e-m+fp/hard\libc_nano.a
LOAD c:/st/stm32cubeide_1.9.0/stm32cubeide/plugins/com.st.stm32cube.ide.mcu.externaltools.gnu-tools-for-stm32.10.3-2021.10.win32_1.0.0.202111181127/tools/bin/../lib/gcc/arm-none-eabi/10.3.1/../../../../arm-none-eabi/lib/thumb/v7e-m+fp/hard\libm.a
END GROUP
START GROUP
LOAD c:/st/stm32cubeide_1.9.0/stm32cubeide/plugins/com.st.stm32cube.ide.mcu.externaltools.gnu-tools-for-stm32.10.3-2021.10.win32_1.0.0.202111181127/tools/bin/../lib/gcc/arm-none-eabi/10.3.1/thumb/v7e-m+fp/hard\libgcc.a
LOAD c:/st/stm32cubeide_1.9.0/stm32cubeide/plugins/com.st.stm32cube.ide.mcu.externaltools.gnu-tools-for-stm32.10.3-2021.10.win32_1.0.0.202111181127/tools/bin/../lib/gcc/arm-none-eabi/10.3.1/../../../../arm-none-eabi/lib/thumb/v7e-m+fp/hard\libc_nano.a
END GROUP
START GROUP
LOAD c:/st/stm32cubeide_1.9.0/stm32cubeide/plugins/com.st.stm32cube.ide.mcu.externaltools.gnu-tools-for-stm32.10.3-2021.10.win32_1.0.0.202111181127/tools/bin/../lib/gcc/arm-none-eabi/10.3.1/thumb/v7e-m+fp/hard\libgcc.a
LOAD c:/st/stm32cubeide_1.9.0/stm32cubeide/plugins/com.st.stm32cube.ide.mcu.externaltools.gnu-tools-for-stm32.10.3-2021.10.win32_1.0.0.202111181127/tools/bin/../lib/gcc/arm-none-eabi/10.3.1/../../../../arm-none-eabi/lib/thumb/v7e-m+fp/hard\libc_nano.a
LOAD c:/st/stm32cubeide_1.9.0/stm32cubeide/plugins/com.st.stm32cube.ide.mcu.externaltools.gnu-tools-for-stm32.10.3-2021.10.win32_1.0.0.202111181127/tools/bin/../lib/gcc/arm-none-eabi/10.3.1/../../../../arm-none-eabi/lib/thumb/v7e-m+fp/hard\libnosys.a
END GROUP
START GROUP
LOAD c:/st/stm32cubeide_1.9.0/stm32cubeide/plugins/com.st.stm32cube.ide.mcu.externaltools.gnu-tools-for-stm32.10.3-2021.10.win32_1.0.0.202111181127/tools/bin/../lib/gcc/arm-none-eabi/10.3.1/thumb/v7e-m+fp/hard\libgcc.a
LOAD c:/st/stm32cubeide_1.9.0/stm32cubeide/plugins/com.st.stm32cube.ide.mcu.externaltools.gnu-tools-for-stm32.10.3-2021.10.win32_1.0.0.202111181127/tools/bin/../lib/gcc/arm-none-eabi/10.3.1/../../../../arm-none-eabi/lib/thumb/v7e-m+fp/hard\libc_nano.a
LOAD c:/st/stm32cubeide_1.9.0/stm32cubeide/plugins/com.st.stm32cube.ide.mcu.externaltools.gnu-tools-for-stm32.10.3-2021.10.win32_1.0.0.202111181127/tools/bin/../lib/gcc/arm-none-eabi/10.3.1/../../../../arm-none-eabi/lib/thumb/v7e-m+fp/hard\libnosys.a
END GROUP
LOAD c:/st/stm32cubeide_1.9.0/stm32cubeide/plugins/com.st.stm32cube.ide.mcu.externaltools.gnu-tools-for-stm32.10.3-2021.10.win32_1.0.0.202111181127/tools/bin/../lib/gcc/arm-none-eabi/10.3.1/thumb/v7e-m+fp/hard/crtend.o
LOAD c:/st/stm32cubeide_1.9.0/stm32cubeide/plugins/com.st.stm32cube.ide.mcu.externaltools.gnu-tools-for-stm32.10.3-2021.10.win32_1.0.0.202111181127/tools/bin/../lib/gcc/arm-none-eabi/10.3.1/thumb/v7e-m+fp/hard/crtn.o
                0x0000000020030000                _estack = (ORIGIN (RAM) + LENGTH (RAM))
                0x0000000000000200                _Min_Heap_Size = 0x200
                0x0000000000000400                _Min_Stack_Size = 0x400

.isr_vector     0x0000000008000000      0x1ac
                0x0000000008000000                . = ALIGN (0x4)
 *(.isr_vector)
 .isr_vector    0x0000000008000000      0x1ac ./Core/Startup/startup_stm32f429zitx.o
                0x0000000008000000                g_pfnVectors
                0x00000000080001ac                . = ALIGN (0x4)

.text           0x00000000080001b0     0x12d8
                0x00000000080001b0                . = ALIGN (0x4)
 *(.text)
 .text          0x00000000080001b0       0x40 c:/st/stm32cubeide_1.9.0/stm32cubeide/plugins/com.st.stm32cube.ide.mcu.externaltools.gnu-tools-for-stm32.10.3-2021.10.win32_1.0.0.202111181127/tools/bin/../lib/gcc/arm-none-eabi/10.3.1/thumb/v7e-m+fp/hard/crtbegin.o
 *(.text*)
 .text.vApplicationGetIdleTaskMemory
                0x00000000080001f0       0x34 ./Core/Src/freertos.o
                0x00000000080001f0                vApplicationGetIdleTaskMemory
 .text.MX_FREERTOS_Init
                0x0000000008000224        0xe ./Core/Src/freertos.o
                0x0000000008000224                MX_FREERTOS_Init
 .text.main     0x0000000008000232       0x12 ./Core/Src/main.o
                0x0000000008000232                main
 .text.SystemClock_Config
                0x0000000008000244        0xe ./Core/Src/main.o
 .text.NMI_Handler
                0x0000000008000252        0x6 ./Core/Src/stm32f4xx_it.o
                0x0000000008000252                NMI_Handler
 .text.HardFault_Handler
                0x0000000008000258        0x6 ./Core/Src/stm32f4xx_it.o
                0x0000000008000258                HardFault_Handler
 .text.MemManage_Handler
                0x000000000800025e        0x6 ./Core/Src/stm32f4xx_it.o
                0x000000000800025e                MemManage_Handler
 .text.BusFault_Handler
                0x0000000008000264        0x6 ./Core/Src/stm32f4xx_it.o
                0x0000000008000264                BusFault_Handler
 .text.UsageFault_Handler
                0x000000000800026a        0x6 ./Core/Src/stm32f4xx_it.o
                0x000000000800026a                UsageFault_Handler
 .text.DebugMon_Handler
                0x0000000008000270        0xe ./Core/Src/stm32f4xx_it.o
                0x0000000008000270                DebugMon_Handler
 .text.TIM7_IRQHandler
                0x000000000800027e        0xe ./Core/Src/stm32f4xx_it.o
                0x000000000800027e                TIM7_IRQHandler
 .text.DMA1_Stream0_IRQHandler
                0x000000000800028c        0xe ./Core/Src/stm32f4xx_it.o
                0x000000000800028c                DMA1_Stream0_IRQHandler
 .text.DMA1_Stream7_IRQHandler
                0x000000000800029a        0xe ./Core/Src/stm32f4xx_it.o
                0x000000000800029a                DMA1_Stream7_IRQHandler
 .text.UART5_IRQHandler
                0x00000000080002a8        0xe ./Core/Src/stm32f4xx_it.o
                0x00000000080002a8                UART5_IRQHandler
 *fill*         0x00000000080002b6        0x2 
 .text.SystemInit
                0x00000000080002b8       0x24 ./Core/Src/system_stm32f4xx.o
                0x00000000080002b8                SystemInit
 .text.Reset_Handler
                0x00000000080002dc       0x50 ./Core/Startup/startup_stm32f429zitx.o
                0x00000000080002dc                Reset_Handler
 .text.Default_Handler
                0x000000000800032c        0x2 ./Core/Startup/startup_stm32f429zitx.o
                0x000000000800032c                RTC_Alarm_IRQHandler
                0x000000000800032c                HASH_RNG_IRQHandler
                0x000000000800032c                EXTI2_IRQHandler
                0x000000000800032c                TIM8_CC_IRQHandler
                0x000000000800032c                UART8_IRQHandler
                0x000000000800032c                SPI4_IRQHandler
                0x000000000800032c                TIM1_CC_IRQHandler
                0x000000000800032c                DMA2_Stream5_IRQHandler
                0x000000000800032c                DMA1_Stream5_IRQHandler
                0x000000000800032c                PVD_IRQHandler
                0x000000000800032c                SDIO_IRQHandler
                0x000000000800032c                TAMP_STAMP_IRQHandler
                0x000000000800032c                CAN2_RX1_IRQHandler
                0x000000000800032c                EXTI3_IRQHandler
                0x000000000800032c                TIM8_TRG_COM_TIM14_IRQHandler
                0x000000000800032c                TIM1_UP_TIM10_IRQHandler
                0x000000000800032c                TIM8_UP_TIM13_IRQHandler
                0x000000000800032c                I2C3_ER_IRQHandler
                0x000000000800032c                LCD_TFT_IRQHandler
                0x000000000800032c                EXTI0_IRQHandler
                0x000000000800032c                I2C2_EV_IRQHandler
                0x000000000800032c                DMA1_Stream2_IRQHandler
                0x000000000800032c                CAN1_RX0_IRQHandler
                0x000000000800032c                FPU_IRQHandler
                0x000000000800032c                OTG_HS_WKUP_IRQHandler
                0x000000000800032c                CAN2_SCE_IRQHandler
                0x000000000800032c                DMA2_Stream2_IRQHandler
                0x000000000800032c                SPI1_IRQHandler
                0x000000000800032c                TIM6_DAC_IRQHandler
                0x000000000800032c                TIM1_BRK_TIM9_IRQHandler
                0x000000000800032c                DCMI_IRQHandler
                0x000000000800032c                CAN2_RX0_IRQHandler
                0x000000000800032c                DMA2_Stream3_IRQHandler
                0x000000000800032c                USART6_IRQHandler
                0x000000000800032c                USART3_IRQHandler
                0x000000000800032c                CRYP_IRQHandler
                0x000000000800032c                CAN1_RX1_IRQHandler
                0x000000000800032c                DMA2_Stream0_IRQHandler
                0x000000000800032c                TIM4_IRQHandler
                0x000000000800032c                I2C1_EV_IRQHandler
                0x000000000800032c                DMA1_Stream6_IRQHandler
                0x000000000800032c                DMA1_Stream1_IRQHandler
                0x000000000800032c                UART4_IRQHandler
                0x000000000800032c                LCD_TFT_1_IRQHandler
                0x000000000800032c                TIM3_IRQHandler
                0x000000000800032c                RCC_IRQHandler
                0x000000000800032c                TIM8_BRK_TIM12_IRQHandler
                0x000000000800032c                Default_Handler
                0x000000000800032c                EXTI15_10_IRQHandler
                0x000000000800032c                ADC_IRQHandler
                0x000000000800032c                SPI5_IRQHandler
                0x000000000800032c                CAN2_TX_IRQHandler
                0x000000000800032c                TIM5_IRQHandler
                0x000000000800032c                DMA2_Stream7_IRQHandler
                0x000000000800032c                I2C3_EV_IRQHandler
                0x000000000800032c                EXTI9_5_IRQHandler
                0x000000000800032c                RTC_WKUP_IRQHandler
                0x000000000800032c                ETH_WKUP_IRQHandler
                0x000000000800032c                SPI2_IRQHandler
                0x000000000800032c                OTG_HS_EP1_IN_IRQHandler
                0x000000000800032c                CAN1_TX_IRQHandler
                0x000000000800032c                EXTI4_IRQHandler
                0x000000000800032c                ETH_IRQHandler
                0x000000000800032c                OTG_HS_EP1_OUT_IRQHandler
                0x000000000800032c                WWDG_IRQHandler
                0x000000000800032c                SPI6_IRQHandler
                0x000000000800032c                TIM2_IRQHandler
                0x000000000800032c                OTG_FS_WKUP_IRQHandler
                0x000000000800032c                TIM1_TRG_COM_TIM11_IRQHandler
                0x000000000800032c                OTG_HS_IRQHandler
                0x000000000800032c                DMA2D_IRQHandler
                0x000000000800032c                EXTI1_IRQHandler
                0x000000000800032c                UART7_IRQHandler
                0x000000000800032c                USART2_IRQHandler
                0x000000000800032c                I2C2_ER_IRQHandler
                0x000000000800032c                DMA2_Stream1_IRQHandler
                0x000000000800032c                CAN1_SCE_IRQHandler
                0x000000000800032c                FLASH_IRQHandler
                0x000000000800032c                DMA2_Stream4_IRQHandler
                0x000000000800032c                USART1_IRQHandler
                0x000000000800032c                OTG_FS_IRQHandler
                0x000000000800032c                SPI3_IRQHandler
                0x000000000800032c                DMA1_Stream4_IRQHandler
                0x000000000800032c                I2C1_ER_IRQHandler
                0x000000000800032c                FMC_IRQHandler
                0x000000000800032c                DMA2_Stream6_IRQHandler
                0x000000000800032c                SAI1_IRQHandler
                0x000000000800032c                DMA1_Stream3_IRQHandler
 .text.osKernelStart
                0x000000000800032e        0xe ./Middlewares/Third_Party/FreeRTOS/Source/CMSIS_RTOS/cmsis_os.o
                0x000000000800032e                osKernelStart
 .text.vListInitialise
                0x000000000800033c       0x40 ./Middlewares/Third_Party/FreeRTOS/Source/list.o
                0x000000000800033c                vListInitialise
 .text.vListInitialiseItem
                0x000000000800037c       0x1a ./Middlewares/Third_Party/FreeRTOS/Source/list.o
                0x000000000800037c                vListInitialiseItem
 .text.vListInsertEnd
                0x0000000008000396       0x48 ./Middlewares/Third_Party/FreeRTOS/Source/list.o
                0x0000000008000396                vListInsertEnd
 .text.uxListRemove
                0x00000000080003de       0x54 ./Middlewares/Third_Party/FreeRTOS/Source/list.o
                0x00000000080003de                uxListRemove
 .text.xTaskCreateStatic
                0x0000000008000432       0xba ./Middlewares/Third_Party/FreeRTOS/Source/tasks.o
                0x0000000008000432                xTaskCreateStatic
 .text.prvInitialiseNewTask
                0x00000000080004ec      0x130 ./Middlewares/Third_Party/FreeRTOS/Source/tasks.o
 .text.prvAddNewTaskToReadyList
                0x000000000800061c       0xd4 ./Middlewares/Third_Party/FreeRTOS/Source/tasks.o
 .text.vTaskStartScheduler
                0x00000000080006f0       0xd4 ./Middlewares/Third_Party/FreeRTOS/Source/tasks.o
                0x00000000080006f0                vTaskStartScheduler
 .text.vTaskSuspendAll
                0x00000000080007c4       0x1c ./Middlewares/Third_Party/FreeRTOS/Source/tasks.o
                0x00000000080007c4                vTaskSuspendAll
 .text.xTaskResumeAll
                0x00000000080007e0      0x138 ./Middlewares/Third_Party/FreeRTOS/Source/tasks.o
                0x00000000080007e0                xTaskResumeAll
 .text.xTaskIncrementTick
                0x0000000008000918      0x170 ./Middlewares/Third_Party/FreeRTOS/Source/tasks.o
                0x0000000008000918                xTaskIncrementTick
 .text.vTaskSwitchContext
                0x0000000008000a88       0xc4 ./Middlewares/Third_Party/FreeRTOS/Source/tasks.o
                0x0000000008000a88                vTaskSwitchContext
 .text.prvIdleTask
                0x0000000008000b4c       0x30 ./Middlewares/Third_Party/FreeRTOS/Source/tasks.o
 .text.prvInitialiseTaskLists
                0x0000000008000b7c       0x80 ./Middlewares/Third_Party/FreeRTOS/Source/tasks.o
 .text.prvCheckTasksWaitingTermination
                0x0000000008000bfc       0x5c ./Middlewares/Third_Party/FreeRTOS/Source/tasks.o
 .text.prvDeleteTCB
                0x0000000008000c58       0x68 ./Middlewares/Third_Party/FreeRTOS/Source/tasks.o
 .text.prvResetNextTaskUnblockTime
                0x0000000008000cc0       0x40 ./Middlewares/Third_Party/FreeRTOS/Source/tasks.o
 .text.pxPortInitialiseStack
                0x0000000008000d00       0x68 ./Middlewares/Third_Party/FreeRTOS/Source/portable/GCC/ARM_CM4F/port.o
                0x0000000008000d00                pxPortInitialiseStack
 .text.prvTaskExitError
                0x0000000008000d68       0x58 ./Middlewares/Third_Party/FreeRTOS/Source/portable/GCC/ARM_CM4F/port.o
 .text.SVC_Handler
                0x0000000008000dc0       0x28 ./Middlewares/Third_Party/FreeRTOS/Source/portable/GCC/ARM_CM4F/port.o
                0x0000000008000dc0                SVC_Handler
 .text.prvPortStartFirstTask
                0x0000000008000de8       0x28 ./Middlewares/Third_Party/FreeRTOS/Source/portable/GCC/ARM_CM4F/port.o
 .text.xPortStartScheduler
                0x0000000008000e10      0x144 ./Middlewares/Third_Party/FreeRTOS/Source/portable/GCC/ARM_CM4F/port.o
                0x0000000008000e10                xPortStartScheduler
 .text.vPortEnterCritical
                0x0000000008000f54       0x60 ./Middlewares/Third_Party/FreeRTOS/Source/portable/GCC/ARM_CM4F/port.o
                0x0000000008000f54                vPortEnterCritical
 .text.vPortExitCritical
                0x0000000008000fb4       0x54 ./Middlewares/Third_Party/FreeRTOS/Source/portable/GCC/ARM_CM4F/port.o
                0x0000000008000fb4                vPortExitCritical
 *fill*         0x0000000008001008        0x8 
 .text.PendSV_Handler
                0x0000000008001010       0x68 ./Middlewares/Third_Party/FreeRTOS/Source/portable/GCC/ARM_CM4F/port.o
                0x0000000008001010                PendSV_Handler
 .text.SysTick_Handler
                0x0000000008001078       0x44 ./Middlewares/Third_Party/FreeRTOS/Source/portable/GCC/ARM_CM4F/port.o
                0x0000000008001078                SysTick_Handler
 .text.vPortSetupTimerInterrupt
                0x00000000080010bc       0x48 ./Middlewares/Third_Party/FreeRTOS/Source/portable/GCC/ARM_CM4F/port.o
                0x00000000080010bc                vPortSetupTimerInterrupt
 .text.vPortEnableVFP
                0x0000000008001104       0x14 ./Middlewares/Third_Party/FreeRTOS/Source/portable/GCC/ARM_CM4F/port.o
 .text.vPortFree
                0x0000000008001118       0xc4 ./Middlewares/Third_Party/FreeRTOS/Source/portable/MemMang/heap_4.o
                0x0000000008001118                vPortFree
 .text.prvInsertBlockIntoFreeList
                0x00000000080011dc       0xb4 ./Middlewares/Third_Party/FreeRTOS/Source/portable/MemMang/heap_4.o
 .text.__libc_init_array
                0x0000000008001290       0x48 c:/st/stm32cubeide_1.9.0/stm32cubeide/plugins/com.st.stm32cube.ide.mcu.externaltools.gnu-tools-for-stm32.10.3-2021.10.win32_1.0.0.202111181127/tools/bin/../lib/gcc/arm-none-eabi/10.3.1/../../../../arm-none-eabi/lib/thumb/v7e-m+fp/hard\libc_nano.a(lib_a-init.o)
                0x0000000008001290                __libc_init_array
 .text.__retarget_lock_acquire_recursive
                0x00000000080012d8        0x2 c:/st/stm32cubeide_1.9.0/stm32cubeide/plugins/com.st.stm32cube.ide.mcu.externaltools.gnu-tools-for-stm32.10.3-2021.10.win32_1.0.0.202111181127/tools/bin/../lib/gcc/arm-none-eabi/10.3.1/../../../../arm-none-eabi/lib/thumb/v7e-m+fp/hard\libc_nano.a(lib_a-lock.o)
                0x00000000080012d8                __retarget_lock_acquire_recursive
 .text.__retarget_lock_release_recursive
                0x00000000080012da        0x2 c:/st/stm32cubeide_1.9.0/stm32cubeide/plugins/com.st.stm32cube.ide.mcu.externaltools.gnu-tools-for-stm32.10.3-2021.10.win32_1.0.0.202111181127/tools/bin/../lib/gcc/arm-none-eabi/10.3.1/../../../../arm-none-eabi/lib/thumb/v7e-m+fp/hard\libc_nano.a(lib_a-lock.o)
                0x00000000080012da                __retarget_lock_release_recursive
 .text.memset   0x00000000080012dc       0x10 c:/st/stm32cubeide_1.9.0/stm32cubeide/plugins/com.st.stm32cube.ide.mcu.externaltools.gnu-tools-for-stm32.10.3-2021.10.win32_1.0.0.202111181127/tools/bin/../lib/gcc/arm-none-eabi/10.3.1/../../../../arm-none-eabi/lib/thumb/v7e-m+fp/hard\libc_nano.a(lib_a-memset.o)
                0x00000000080012dc                memset
 .text.cleanup_glue
                0x00000000080012ec       0x1a c:/st/stm32cubeide_1.9.0/stm32cubeide/plugins/com.st.stm32cube.ide.mcu.externaltools.gnu-tools-for-stm32.10.3-2021.10.win32_1.0.0.202111181127/tools/bin/../lib/gcc/arm-none-eabi/10.3.1/../../../../arm-none-eabi/lib/thumb/v7e-m+fp/hard\libc_nano.a(lib_a-reent.o)
                0x00000000080012ec                cleanup_glue
 *fill*         0x0000000008001306        0x2 
 .text._reclaim_reent
                0x0000000008001308       0xb8 c:/st/stm32cubeide_1.9.0/stm32cubeide/plugins/com.st.stm32cube.ide.mcu.externaltools.gnu-tools-for-stm32.10.3-2021.10.win32_1.0.0.202111181127/tools/bin/../lib/gcc/arm-none-eabi/10.3.1/../../../../arm-none-eabi/lib/thumb/v7e-m+fp/hard\libc_nano.a(lib_a-reent.o)
                0x0000000008001308                _reclaim_reent
 .text.__malloc_lock
                0x00000000080013c0        0xc c:/st/stm32cubeide_1.9.0/stm32cubeide/plugins/com.st.stm32cube.ide.mcu.externaltools.gnu-tools-for-stm32.10.3-2021.10.win32_1.0.0.202111181127/tools/bin/../lib/gcc/arm-none-eabi/10.3.1/../../../../arm-none-eabi/lib/thumb/v7e-m+fp/hard\libc_nano.a(lib_a-mlock.o)
                0x00000000080013c0                __malloc_lock
 .text.__malloc_unlock
                0x00000000080013cc        0xc c:/st/stm32cubeide_1.9.0/stm32cubeide/plugins/com.st.stm32cube.ide.mcu.externaltools.gnu-tools-for-stm32.10.3-2021.10.win32_1.0.0.202111181127/tools/bin/../lib/gcc/arm-none-eabi/10.3.1/../../../../arm-none-eabi/lib/thumb/v7e-m+fp/hard\libc_nano.a(lib_a-mlock.o)
                0x00000000080013cc                __malloc_unlock
 .text._free_r  0x00000000080013d8       0x98 c:/st/stm32cubeide_1.9.0/stm32cubeide/plugins/com.st.stm32cube.ide.mcu.externaltools.gnu-tools-for-stm32.10.3-2021.10.win32_1.0.0.202111181127/tools/bin/../lib/gcc/arm-none-eabi/10.3.1/../../../../arm-none-eabi/lib/thumb/v7e-m+fp/hard\libc_nano.a(lib_a-nano-freer.o)
                0x00000000080013d8                _free_r
 *(.glue_7)
 .glue_7        0x0000000008001470        0x0 linker stubs
 *(.glue_7t)
 .glue_7t       0x0000000008001470        0x0 linker stubs
 *(.eh_frame)
 .eh_frame      0x0000000008001470        0x0 c:/st/stm32cubeide_1.9.0/stm32cubeide/plugins/com.st.stm32cube.ide.mcu.externaltools.gnu-tools-for-stm32.10.3-2021.10.win32_1.0.0.202111181127/tools/bin/../lib/gcc/arm-none-eabi/10.3.1/thumb/v7e-m+fp/hard/crtbegin.o
 *(.init)
 .init          0x0000000008001470        0x4 c:/st/stm32cubeide_1.9.0/stm32cubeide/plugins/com.st.stm32cube.ide.mcu.externaltools.gnu-tools-for-stm32.10.3-2021.10.win32_1.0.0.202111181127/tools/bin/../lib/gcc/arm-none-eabi/10.3.1/thumb/v7e-m+fp/hard/crti.o
                0x0000000008001470                _init
 .init          0x0000000008001474        0x8 c:/st/stm32cubeide_1.9.0/stm32cubeide/plugins/com.st.stm32cube.ide.mcu.externaltools.gnu-tools-for-stm32.10.3-2021.10.win32_1.0.0.202111181127/tools/bin/../lib/gcc/arm-none-eabi/10.3.1/thumb/v7e-m+fp/hard/crtn.o
 *(.fini)
 .fini          0x000000000800147c        0x4 c:/st/stm32cubeide_1.9.0/stm32cubeide/plugins/com.st.stm32cube.ide.mcu.externaltools.gnu-tools-for-stm32.10.3-2021.10.win32_1.0.0.202111181127/tools/bin/../lib/gcc/arm-none-eabi/10.3.1/thumb/v7e-m+fp/hard/crti.o
                0x000000000800147c                _fini
 .fini          0x0000000008001480        0x8 c:/st/stm32cubeide_1.9.0/stm32cubeide/plugins/com.st.stm32cube.ide.mcu.externaltools.gnu-tools-for-stm32.10.3-2021.10.win32_1.0.0.202111181127/tools/bin/../lib/gcc/arm-none-eabi/10.3.1/thumb/v7e-m+fp/hard/crtn.o
                0x0000000008001488                . = ALIGN (0x4)
                0x0000000008001488                _etext = .

.vfp11_veneer   0x0000000008001488        0x0
 .vfp11_veneer  0x0000000008001488        0x0 linker stubs

.v4_bx          0x0000000008001488        0x0
 .v4_bx         0x0000000008001488        0x0 linker stubs

.iplt           0x0000000008001488        0x0
 .iplt          0x0000000008001488        0x0 c:/st/stm32cubeide_1.9.0/stm32cubeide/plugins/com.st.stm32cube.ide.mcu.externaltools.gnu-tools-for-stm32.10.3-2021.10.win32_1.0.0.202111181127/tools/bin/../lib/gcc/arm-none-eabi/10.3.1/thumb/v7e-m+fp/hard/crtbegin.o

.rodata         0x0000000008001488       0x68
                0x0000000008001488                . = ALIGN (0x4)
 *(.rodata)
 .rodata        0x0000000008001488        0x5 ./Middlewares/Third_Party/FreeRTOS/Source/tasks.o
 *(.rodata*)
 *fill*         0x000000000800148d        0x3 
 .rodata.__sf_fake_stderr
                0x0000000008001490       0x20 c:/st/stm32cubeide_1.9.0/stm32cubeide/plugins/com.st.stm32cube.ide.mcu.externaltools.gnu-tools-for-stm32.10.3-2021.10.win32_1.0.0.202111181127/tools/bin/../lib/gcc/arm-none-eabi/10.3.1/../../../../arm-none-eabi/lib/thumb/v7e-m+fp/hard\libc_nano.a(lib_a-findfp.o)
                0x0000000008001490                __sf_fake_stderr
 .rodata.__sf_fake_stdin
                0x00000000080014b0       0x20 c:/st/stm32cubeide_1.9.0/stm32cubeide/plugins/com.st.stm32cube.ide.mcu.externaltools.gnu-tools-for-stm32.10.3-2021.10.win32_1.0.0.202111181127/tools/bin/../lib/gcc/arm-none-eabi/10.3.1/../../../../arm-none-eabi/lib/thumb/v7e-m+fp/hard\libc_nano.a(lib_a-findfp.o)
                0x00000000080014b0                __sf_fake_stdin
 .rodata.__sf_fake_stdout
                0x00000000080014d0       0x20 c:/st/stm32cubeide_1.9.0/stm32cubeide/plugins/com.st.stm32cube.ide.mcu.externaltools.gnu-tools-for-stm32.10.3-2021.10.win32_1.0.0.202111181127/tools/bin/../lib/gcc/arm-none-eabi/10.3.1/../../../../arm-none-eabi/lib/thumb/v7e-m+fp/hard\libc_nano.a(lib_a-findfp.o)
                0x00000000080014d0                __sf_fake_stdout
                0x00000000080014f0                . = ALIGN (0x4)

.rel.dyn        0x00000000080014f0        0x0
 .rel.iplt      0x00000000080014f0        0x0 c:/st/stm32cubeide_1.9.0/stm32cubeide/plugins/com.st.stm32cube.ide.mcu.externaltools.gnu-tools-for-stm32.10.3-2021.10.win32_1.0.0.202111181127/tools/bin/../lib/gcc/arm-none-eabi/10.3.1/thumb/v7e-m+fp/hard/crtbegin.o

.ARM.extab      0x00000000080014f0        0x0
                0x00000000080014f0                . = ALIGN (0x4)
 *(.ARM.extab* .gnu.linkonce.armextab.*)
                0x00000000080014f0                . = ALIGN (0x4)

.ARM            0x00000000080014f0        0x0
                0x00000000080014f0                . = ALIGN (0x4)
                0x00000000080014f0                __exidx_start = .
 *(.ARM.exidx*)
                0x00000000080014f0                __exidx_end = .
                0x00000000080014f0                . = ALIGN (0x4)

.preinit_array  0x00000000080014f0        0x0
                0x00000000080014f0                . = ALIGN (0x4)
                0x00000000080014f0                PROVIDE (__preinit_array_start = .)
 *(.preinit_array*)
                0x00000000080014f0                PROVIDE (__preinit_array_end = .)
                0x00000000080014f0                . = ALIGN (0x4)

.init_array     0x00000000080014f0        0x4
                0x00000000080014f0                . = ALIGN (0x4)
                0x00000000080014f0                PROVIDE (__init_array_start = .)
 *(SORT_BY_NAME(.init_array.*))
 *(.init_array*)
 .init_array    0x00000000080014f0        0x4 c:/st/stm32cubeide_1.9.0/stm32cubeide/plugins/com.st.stm32cube.ide.mcu.externaltools.gnu-tools-for-stm32.10.3-2021.10.win32_1.0.0.202111181127/tools/bin/../lib/gcc/arm-none-eabi/10.3.1/thumb/v7e-m+fp/hard/crtbegin.o
                0x00000000080014f4                PROVIDE (__init_array_end = .)
                0x00000000080014f4                . = ALIGN (0x4)

.fini_array     0x00000000080014f4        0x4
                0x00000000080014f4                . = ALIGN (0x4)
                [!provide]                        PROVIDE (__fini_array_start = .)
 *(SORT_BY_NAME(.fini_array.*))
 *(.fini_array*)
 .fini_array    0x00000000080014f4        0x4 c:/st/stm32cubeide_1.9.0/stm32cubeide/plugins/com.st.stm32cube.ide.mcu.externaltools.gnu-tools-for-stm32.10.3-2021.10.win32_1.0.0.202111181127/tools/bin/../lib/gcc/arm-none-eabi/10.3.1/thumb/v7e-m+fp/hard/crtbegin.o
                [!provide]                        PROVIDE (__fini_array_end = .)
                0x00000000080014f8                . = ALIGN (0x4)
                0x00000000080014f8                _sidata = LOADADDR (.data)

.data           0x0000000020000000       0x6c load address 0x00000000080014f8
                0x0000000020000000                . = ALIGN (0x4)
                0x0000000020000000                _sdata = .
 *(.data)
 *(.data*)
 .data.SystemCoreClock
                0x0000000020000000        0x4 ./Core/Src/system_stm32f4xx.o
                0x0000000020000000                SystemCoreClock
 .data.uxCriticalNesting
                0x0000000020000004        0x4 ./Middlewares/Third_Party/FreeRTOS/Source/portable/GCC/ARM_CM4F/port.o
 .data._impure_ptr
                0x0000000020000008        0x4 c:/st/stm32cubeide_1.9.0/stm32cubeide/plugins/com.st.stm32cube.ide.mcu.externaltools.gnu-tools-for-stm32.10.3-2021.10.win32_1.0.0.202111181127/tools/bin/../lib/gcc/arm-none-eabi/10.3.1/../../../../arm-none-eabi/lib/thumb/v7e-m+fp/hard\libc_nano.a(lib_a-impure.o)
                0x0000000020000008                _impure_ptr
 .data.impure_data
                0x000000002000000c       0x60 c:/st/stm32cubeide_1.9.0/stm32cubeide/plugins/com.st.stm32cube.ide.mcu.externaltools.gnu-tools-for-stm32.10.3-2021.10.win32_1.0.0.202111181127/tools/bin/../lib/gcc/arm-none-eabi/10.3.1/../../../../arm-none-eabi/lib/thumb/v7e-m+fp/hard\libc_nano.a(lib_a-impure.o)
 *(.RamFunc)
 *(.RamFunc*)
                0x000000002000006c                . = ALIGN (0x4)
                0x000000002000006c                _edata = .
                0x0000000008001564                _siccmram = LOADADDR (.ccmram)

.igot.plt       0x000000002000006c        0x0 load address 0x0000000008001564
 .igot.plt      0x000000002000006c        0x0 c:/st/stm32cubeide_1.9.0/stm32cubeide/plugins/com.st.stm32cube.ide.mcu.externaltools.gnu-tools-for-stm32.10.3-2021.10.win32_1.0.0.202111181127/tools/bin/../lib/gcc/arm-none-eabi/10.3.1/thumb/v7e-m+fp/hard/crtbegin.o

.ccmram         0x0000000010000000        0x0 load address 0x0000000008001564
                0x0000000010000000                . = ALIGN (0x4)
                0x0000000010000000                _sccmram = .
 *(.ccmram)
 *(.ccmram*)
                0x0000000010000000                . = ALIGN (0x4)
                0x0000000010000000                _eccmram = .
                0x0000000010000000                . = ALIGN (0x4)

.bss            0x000000002000006c      0x420
                0x000000002000006c                _sbss = .
                0x000000002000006c                __bss_start__ = _sbss
 *(.bss)
 .bss           0x000000002000006c       0x1c c:/st/stm32cubeide_1.9.0/stm32cubeide/plugins/com.st.stm32cube.ide.mcu.externaltools.gnu-tools-for-stm32.10.3-2021.10.win32_1.0.0.202111181127/tools/bin/../lib/gcc/arm-none-eabi/10.3.1/thumb/v7e-m+fp/hard/crtbegin.o
 *(.bss*)
 .bss.xIdleTaskTCBBuffer
                0x0000000020000088       0xb0 ./Core/Src/freertos.o
 .bss.xIdleStack
                0x0000000020000138      0x200 ./Core/Src/freertos.o
 .bss.pxCurrentTCB
                0x0000000020000338        0x4 ./Middlewares/Third_Party/FreeRTOS/Source/tasks.o
                0x0000000020000338                pxCurrentTCB
 .bss.pxReadyTasksLists
                0x000000002000033c       0x8c ./Middlewares/Third_Party/FreeRTOS/Source/tasks.o
 .bss.xDelayedTaskList1
                0x00000000200003c8       0x14 ./Middlewares/Third_Party/FreeRTOS/Source/tasks.o
 .bss.xDelayedTaskList2
                0x00000000200003dc       0x14 ./Middlewares/Third_Party/FreeRTOS/Source/tasks.o
 .bss.pxDelayedTaskList
                0x00000000200003f0        0x4 ./Middlewares/Third_Party/FreeRTOS/Source/tasks.o
 .bss.pxOverflowDelayedTaskList
                0x00000000200003f4        0x4 ./Middlewares/Third_Party/FreeRTOS/Source/tasks.o
 .bss.xPendingReadyList
                0x00000000200003f8       0x14 ./Middlewares/Third_Party/FreeRTOS/Source/tasks.o
 .bss.xTasksWaitingTermination
                0x000000002000040c       0x14 ./Middlewares/Third_Party/FreeRTOS/Source/tasks.o
 .bss.uxDeletedTasksWaitingCleanUp
                0x0000000020000420        0x4 ./Middlewares/Third_Party/FreeRTOS/Source/tasks.o
 .bss.xSuspendedTaskList
                0x0000000020000424       0x14 ./Middlewares/Third_Party/FreeRTOS/Source/tasks.o
 .bss.uxCurrentNumberOfTasks
                0x0000000020000438        0x4 ./Middlewares/Third_Party/FreeRTOS/Source/tasks.o
 .bss.xTickCount
                0x000000002000043c        0x4 ./Middlewares/Third_Party/FreeRTOS/Source/tasks.o
 .bss.uxTopReadyPriority
                0x0000000020000440        0x4 ./Middlewares/Third_Party/FreeRTOS/Source/tasks.o
 .bss.xSchedulerRunning
                0x0000000020000444        0x4 ./Middlewares/Third_Party/FreeRTOS/Source/tasks.o
 .bss.xPendedTicks
                0x0000000020000448        0x4 ./Middlewares/Third_Party/FreeRTOS/Source/tasks.o
 .bss.xYieldPending
                0x000000002000044c        0x4 ./Middlewares/Third_Party/FreeRTOS/Source/tasks.o
 .bss.xNumOfOverflows
                0x0000000020000450        0x4 ./Middlewares/Third_Party/FreeRTOS/Source/tasks.o
 .bss.uxTaskNumber
                0x0000000020000454        0x4 ./Middlewares/Third_Party/FreeRTOS/Source/tasks.o
 .bss.xNextTaskUnblockTime
                0x0000000020000458        0x4 ./Middlewares/Third_Party/FreeRTOS/Source/tasks.o
 .bss.xIdleTaskHandle
                0x000000002000045c        0x4 ./Middlewares/Third_Party/FreeRTOS/Source/tasks.o
 .bss.uxSchedulerSuspended
                0x0000000020000460        0x4 ./Middlewares/Third_Party/FreeRTOS/Source/tasks.o
 .bss.ucMaxSysCallPriority
                0x0000000020000464        0x1 ./Middlewares/Third_Party/FreeRTOS/Source/portable/GCC/ARM_CM4F/port.o
 *fill*         0x0000000020000465        0x3 
 .bss.ulMaxPRIGROUPValue
                0x0000000020000468        0x4 ./Middlewares/Third_Party/FreeRTOS/Source/portable/GCC/ARM_CM4F/port.o
 .bss.xStart    0x000000002000046c        0x8 ./Middlewares/Third_Party/FreeRTOS/Source/portable/MemMang/heap_4.o
 .bss.pxEnd     0x0000000020000474        0x4 ./Middlewares/Third_Party/FreeRTOS/Source/portable/MemMang/heap_4.o
 .bss.xFreeBytesRemaining
                0x0000000020000478        0x4 ./Middlewares/Third_Party/FreeRTOS/Source/portable/MemMang/heap_4.o
 .bss.xNumberOfSuccessfulFrees
                0x000000002000047c        0x4 ./Middlewares/Third_Party/FreeRTOS/Source/portable/MemMang/heap_4.o
 .bss.xBlockAllocatedBit
                0x0000000020000480        0x4 ./Middlewares/Third_Party/FreeRTOS/Source/portable/MemMang/heap_4.o
 .bss.__lock___malloc_recursive_mutex
                0x0000000020000484        0x1 c:/st/stm32cubeide_1.9.0/stm32cubeide/plugins/com.st.stm32cube.ide.mcu.externaltools.gnu-tools-for-stm32.10.3-2021.10.win32_1.0.0.202111181127/tools/bin/../lib/gcc/arm-none-eabi/10.3.1/../../../../arm-none-eabi/lib/thumb/v7e-m+fp/hard\libc_nano.a(lib_a-lock.o)
                0x0000000020000484                __lock___malloc_recursive_mutex
 *fill*         0x0000000020000485        0x3 
 .bss.__malloc_free_list
                0x0000000020000488        0x4 c:/st/stm32cubeide_1.9.0/stm32cubeide/plugins/com.st.stm32cube.ide.mcu.externaltools.gnu-tools-for-stm32.10.3-2021.10.win32_1.0.0.202111181127/tools/bin/../lib/gcc/arm-none-eabi/10.3.1/../../../../arm-none-eabi/lib/thumb/v7e-m+fp/hard\libc_nano.a(lib_a-nano-mallocr.o)
                0x0000000020000488                __malloc_free_list
 *(COMMON)
                0x000000002000048c                . = ALIGN (0x4)
                0x000000002000048c                _ebss = .
                0x000000002000048c                __bss_end__ = _ebss

._user_heap_stack
                0x000000002000048c      0x604
                0x0000000020000490                . = ALIGN (0x8)
 *fill*         0x000000002000048c        0x4 
                [!provide]                        PROVIDE (end = .)
                0x0000000020000490                PROVIDE (_end = .)
                0x0000000020000690                . = (. + _Min_Heap_Size)
 *fill*         0x0000000020000490      0x200 
                0x0000000020000a90                . = (. + _Min_Stack_Size)
 *fill*         0x0000000020000690      0x400 
                0x0000000020000a90                . = ALIGN (0x8)

/DISCARD/
 libc.a(*)
 libm.a(*)
 libgcc.a(*)

.ARM.attributes
                0x0000000000000000       0x30
 *(.ARM.attributes)
 .ARM.attributes
                0x0000000000000000       0x1e c:/st/stm32cubeide_1.9.0/stm32cubeide/plugins/com.st.stm32cube.ide.mcu.externaltools.gnu-tools-for-stm32.10.3-2021.10.win32_1.0.0.202111181127/tools/bin/../lib/gcc/arm-none-eabi/10.3.1/thumb/v7e-m+fp/hard/crti.o
 .ARM.attributes
                0x000000000000001e       0x34 c:/st/stm32cubeide_1.9.0/stm32cubeide/plugins/com.st.stm32cube.ide.mcu.externaltools.gnu-tools-for-stm32.10.3-2021.10.win32_1.0.0.202111181127/tools/bin/../lib/gcc/arm-none-eabi/10.3.1/thumb/v7e-m+fp/hard/crtbegin.o
 .ARM.attributes
                0x0000000000000052       0x34 ./Core/Src/freertos.o
 .ARM.attributes
                0x0000000000000086       0x34 ./Core/Src/main.o
 .ARM.attributes
                0x00000000000000ba       0x34 ./Core/Src/stm32f4xx_it.o
 .ARM.attributes
                0x00000000000000ee       0x34 ./Core/Src/system_stm32f4xx.o
 .ARM.attributes
                0x0000000000000122       0x21 ./Core/Startup/startup_stm32f429zitx.o
 .ARM.attributes
                0x0000000000000143       0x34 ./Middlewares/Third_Party/FreeRTOS/Source/CMSIS_RTOS/cmsis_os.o
 .ARM.attributes
                0x0000000000000177       0x34 ./Middlewares/Third_Party/FreeRTOS/Source/list.o
 .ARM.attributes
                0x00000000000001ab       0x34 ./Middlewares/Third_Party/FreeRTOS/Source/tasks.o
 .ARM.attributes
                0x00000000000001df       0x34 ./Middlewares/Third_Party/FreeRTOS/Source/portable/GCC/ARM_CM4F/port.o
 .ARM.attributes
                0x0000000000000213       0x34 ./Middlewares/Third_Party/FreeRTOS/Source/portable/MemMang/heap_4.o
 .ARM.attributes
                0x0000000000000247       0x34 c:/st/stm32cubeide_1.9.0/stm32cubeide/plugins/com.st.stm32cube.ide.mcu.externaltools.gnu-tools-for-stm32.10.3-2021.10.win32_1.0.0.202111181127/tools/bin/../lib/gcc/arm-none-eabi/10.3.1/../../../../arm-none-eabi/lib/thumb/v7e-m+fp/hard\libc_nano.a(lib_a-findfp.o)
 .ARM.attributes
                0x000000000000027b       0x34 c:/st/stm32cubeide_1.9.0/stm32cubeide/plugins/com.st.stm32cube.ide.mcu.externaltools.gnu-tools-for-stm32.10.3-2021.10.win32_1.0.0.202111181127/tools/bin/../lib/gcc/arm-none-eabi/10.3.1/../../../../arm-none-eabi/lib/thumb/v7e-m+fp/hard\libc_nano.a(lib_a-impure.o)
 .ARM.attributes
                0x00000000000002af       0x34 c:/st/stm32cubeide_1.9.0/stm32cubeide/plugins/com.st.stm32cube.ide.mcu.externaltools.gnu-tools-for-stm32.10.3-2021.10.win32_1.0.0.202111181127/tools/bin/../lib/gcc/arm-none-eabi/10.3.1/../../../../arm-none-eabi/lib/thumb/v7e-m+fp/hard\libc_nano.a(lib_a-init.o)
 .ARM.attributes
                0x00000000000002e3       0x34 c:/st/stm32cubeide_1.9.0/stm32cubeide/plugins/com.st.stm32cube.ide.mcu.externaltools.gnu-tools-for-stm32.10.3-2021.10.win32_1.0.0.202111181127/tools/bin/../lib/gcc/arm-none-eabi/10.3.1/../../../../arm-none-eabi/lib/thumb/v7e-m+fp/hard\libc_nano.a(lib_a-lock.o)
 .ARM.attributes
                0x0000000000000317       0x34 c:/st/stm32cubeide_1.9.0/stm32cubeide/plugins/com.st.stm32cube.ide.mcu.externaltools.gnu-tools-for-stm32.10.3-2021.10.win32_1.0.0.202111181127/tools/bin/../lib/gcc/arm-none-eabi/10.3.1/../../../../arm-none-eabi/lib/thumb/v7e-m+fp/hard\libc_nano.a(lib_a-memset.o)
 .ARM.attributes
                0x000000000000034b       0x34 c:/st/stm32cubeide_1.9.0/stm32cubeide/plugins/com.st.stm32cube.ide.mcu.externaltools.gnu-tools-for-stm32.10.3-2021.10.win32_1.0.0.202111181127/tools/bin/../lib/gcc/arm-none-eabi/10.3.1/../../../../arm-none-eabi/lib/thumb/v7e-m+fp/hard\libc_nano.a(lib_a-nano-mallocr.o)
 .ARM.attributes
                0x000000000000037f       0x34 c:/st/stm32cubeide_1.9.0/stm32cubeide/plugins/com.st.stm32cube.ide.mcu.externaltools.gnu-tools-for-stm32.10.3-2021.10.win32_1.0.0.202111181127/tools/bin/../lib/gcc/arm-none-eabi/10.3.1/../../../../arm-none-eabi/lib/thumb/v7e-m+fp/hard\libc_nano.a(lib_a-reent.o)
 .ARM.attributes
                0x00000000000003b3       0x34 c:/st/stm32cubeide_1.9.0/stm32cubeide/plugins/com.st.stm32cube.ide.mcu.externaltools.gnu-tools-for-stm32.10.3-2021.10.win32_1.0.0.202111181127/tools/bin/../lib/gcc/arm-none-eabi/10.3.1/../../../../arm-none-eabi/lib/thumb/v7e-m+fp/hard\libc_nano.a(lib_a-mlock.o)
 .ARM.attributes
                0x00000000000003e7       0x34 c:/st/stm32cubeide_1.9.0/stm32cubeide/plugins/com.st.stm32cube.ide.mcu.externaltools.gnu-tools-for-stm32.10.3-2021.10.win32_1.0.0.202111181127/tools/bin/../lib/gcc/arm-none-eabi/10.3.1/../../../../arm-none-eabi/lib/thumb/v7e-m+fp/hard\libc_nano.a(lib_a-nano-freer.o)
 .ARM.attributes
                0x000000000000041b       0x1e c:/st/stm32cubeide_1.9.0/stm32cubeide/plugins/com.st.stm32cube.ide.mcu.externaltools.gnu-tools-for-stm32.10.3-2021.10.win32_1.0.0.202111181127/tools/bin/../lib/gcc/arm-none-eabi/10.3.1/thumb/v7e-m+fp/hard/crtn.o
OUTPUT(TheTicker.elf elf32-littlearm)
LOAD linker stubs
LOAD c:/st/stm32cubeide_1.9.0/stm32cubeide/plugins/com.st.stm32cube.ide.mcu.externaltools.gnu-tools-for-stm32.10.3-2021.10.win32_1.0.0.202111181127/tools/bin/../lib/gcc/arm-none-eabi/10.3.1/../../../../arm-none-eabi/lib/thumb/v7e-m+fp/hard\libc.a
LOAD c:/st/stm32cubeide_1.9.0/stm32cubeide/plugins/com.st.stm32cube.ide.mcu.externaltools.gnu-tools-for-stm32.10.3-2021.10.win32_1.0.0.202111181127/tools/bin/../lib/gcc/arm-none-eabi/10.3.1/../../../../arm-none-eabi/lib/thumb/v7e-m+fp/hard\libm.a
LOAD c:/st/stm32cubeide_1.9.0/stm32cubeide/plugins/com.st.stm32cube.ide.mcu.externaltools.gnu-tools-for-stm32.10.3-2021.10.win32_1.0.0.202111181127/tools/bin/../lib/gcc/arm-none-eabi/10.3.1/thumb/v7e-m+fp/hard\libgcc.a

.debug_info     0x0000000000000000     0x653c
 .debug_info    0x0000000000000000      0x9aa ./Core/Src/freertos.o
 .debug_info    0x00000000000009aa      0x133 ./Core/Src/main.o
 .debug_info    0x0000000000000add      0x132 ./Core/Src/stm32f4xx_it.o
 .debug_info    0x0000000000000c0f      0x554 ./Core/Src/system_stm32f4xx.o
 .debug_info    0x0000000000001163       0x22 ./Core/Startup/startup_stm32f429zitx.o
 .debug_info    0x0000000000001185     0x22f4 ./Middlewares/Third_Party/FreeRTOS/Source/CMSIS_RTOS/cmsis_os.o
 .debug_info    0x0000000000003479      0x2d1 ./Middlewares/Third_Party/FreeRTOS/Source/list.o
 .debug_info    0x000000000000374a     0x23e0 ./Middlewares/Third_Party/FreeRTOS/Source/tasks.o
 .debug_info    0x0000000000005b2a      0x507 ./Middlewares/Third_Party/FreeRTOS/Source/portable/GCC/ARM_CM4F/port.o
 .debug_info    0x0000000000006031      0x50b ./Middlewares/Third_Party/FreeRTOS/Source/portable/MemMang/heap_4.o

.debug_abbrev   0x0000000000000000     0x10f2
 .debug_abbrev  0x0000000000000000      0x183 ./Core/Src/freertos.o
 .debug_abbrev  0x0000000000000183       0xbd ./Core/Src/main.o
 .debug_abbrev  0x0000000000000240       0x47 ./Core/Src/stm32f4xx_it.o
 .debug_abbrev  0x0000000000000287      0x116 ./Core/Src/system_stm32f4xx.o
 .debug_abbrev  0x000000000000039d       0x12 ./Core/Startup/startup_stm32f429zitx.o
 .debug_abbrev  0x00000000000003af      0x422 ./Middlewares/Third_Party/FreeRTOS/Source/CMSIS_RTOS/cmsis_os.o
 .debug_abbrev  0x00000000000007d1       0xf2 ./Middlewares/Third_Party/FreeRTOS/Source/list.o
 .debug_abbrev  0x00000000000008c3      0x3c4 ./Middlewares/Third_Party/FreeRTOS/Source/tasks.o
 .debug_abbrev  0x0000000000000c87      0x259 ./Middlewares/Third_Party/FreeRTOS/Source/portable/GCC/ARM_CM4F/port.o
 .debug_abbrev  0x0000000000000ee0      0x212 ./Middlewares/Third_Party/FreeRTOS/Source/portable/MemMang/heap_4.o

.debug_aranges  0x0000000000000000      0x588
 .debug_aranges
                0x0000000000000000       0x28 ./Core/Src/freertos.o
 .debug_aranges
                0x0000000000000028       0x28 ./Core/Src/main.o
 .debug_aranges
                0x0000000000000050       0x68 ./Core/Src/stm32f4xx_it.o
 .debug_aranges
                0x00000000000000b8       0x28 ./Core/Src/system_stm32f4xx.o
 .debug_aranges
                0x00000000000000e0       0x28 ./Core/Startup/startup_stm32f429zitx.o
 .debug_aranges
                0x0000000000000108      0x1d8 ./Middlewares/Third_Party/FreeRTOS/Source/CMSIS_RTOS/cmsis_os.o
 .debug_aranges
                0x00000000000002e0       0x40 ./Middlewares/Third_Party/FreeRTOS/Source/list.o
 .debug_aranges
                0x0000000000000320      0x190 ./Middlewares/Third_Party/FreeRTOS/Source/tasks.o
 .debug_aranges
                0x00000000000004b0       0x80 ./Middlewares/Third_Party/FreeRTOS/Source/portable/GCC/ARM_CM4F/port.o
 .debug_aranges
                0x0000000000000530       0x58 ./Middlewares/Third_Party/FreeRTOS/Source/portable/MemMang/heap_4.o

.debug_ranges   0x0000000000000000      0x4f0
 .debug_ranges  0x0000000000000000       0x18 ./Core/Src/freertos.o
 .debug_ranges  0x0000000000000018       0x18 ./Core/Src/main.o
 .debug_ranges  0x0000000000000030       0x58 ./Core/Src/stm32f4xx_it.o
 .debug_ranges  0x0000000000000088       0x18 ./Core/Src/system_stm32f4xx.o
 .debug_ranges  0x00000000000000a0       0x20 ./Core/Startup/startup_stm32f429zitx.o
 .debug_ranges  0x00000000000000c0      0x1c8 ./Middlewares/Third_Party/FreeRTOS/Source/CMSIS_RTOS/cmsis_os.o
 .debug_ranges  0x0000000000000288       0x30 ./Middlewares/Third_Party/FreeRTOS/Source/list.o
 .debug_ranges  0x00000000000002b8      0x180 ./Middlewares/Third_Party/FreeRTOS/Source/tasks.o
 .debug_ranges  0x0000000000000438       0x70 ./Middlewares/Third_Party/FreeRTOS/Source/portable/GCC/ARM_CM4F/port.o
 .debug_ranges  0x00000000000004a8       0x48 ./Middlewares/Third_Party/FreeRTOS/Source/portable/MemMang/heap_4.o

.debug_macro    0x0000000000000000     0xf899
 .debug_macro   0x0000000000000000      0x296 ./Core/Src/freertos.o
 .debug_macro   0x0000000000000296      0xa6c ./Core/Src/freertos.o
 .debug_macro   0x0000000000000d02      0x174 ./Core/Src/freertos.o
 .debug_macro   0x0000000000000e76       0x22 ./Core/Src/freertos.o
 .debug_macro   0x0000000000000e98       0x8e ./Core/Src/freertos.o
 .debug_macro   0x0000000000000f26       0x51 ./Core/Src/freertos.o
 .debug_macro   0x0000000000000f77      0x103 ./Core/Src/freertos.o
 .debug_macro   0x000000000000107a       0x6a ./Core/Src/freertos.o
 .debug_macro   0x00000000000010e4      0x1df ./Core/Src/freertos.o
 .debug_macro   0x00000000000012c3      0x1c6 ./Core/Src/freertos.o
 .debug_macro   0x0000000000001489      0x15a ./Core/Src/freertos.o
 .debug_macro   0x00000000000015e3       0xde ./Core/Src/freertos.o
 .debug_macro   0x00000000000016c1       0x1c ./Core/Src/freertos.o
 .debug_macro   0x00000000000016dd       0x26 ./Core/Src/freertos.o
 .debug_macro   0x0000000000001703       0x52 ./Core/Src/freertos.o
 .debug_macro   0x0000000000001755       0x1e ./Core/Src/freertos.o
 .debug_macro   0x0000000000001773       0x3c ./Core/Src/freertos.o
 .debug_macro   0x00000000000017af       0x34 ./Core/Src/freertos.o
 .debug_macro   0x00000000000017e3       0x16 ./Core/Src/freertos.o
 .debug_macro   0x00000000000017f9       0x43 ./Core/Src/freertos.o
 .debug_macro   0x000000000000183c       0x34 ./Core/Src/freertos.o
 .debug_macro   0x0000000000001870       0x10 ./Core/Src/freertos.o
 .debug_macro   0x0000000000001880       0x58 ./Core/Src/freertos.o
 .debug_macro   0x00000000000018d8       0x71 ./Core/Src/freertos.o
 .debug_macro   0x0000000000001949       0x1c ./Core/Src/freertos.o
 .debug_macro   0x0000000000001965      0x12a ./Core/Src/freertos.o
 .debug_macro   0x0000000000001a8f       0x10 ./Core/Src/freertos.o
 .debug_macro   0x0000000000001a9f       0x35 ./Core/Src/freertos.o
 .debug_macro   0x0000000000001ad4      0x441 ./Core/Src/freertos.o
 .debug_macro   0x0000000000001f15       0xb5 ./Core/Src/freertos.o
 .debug_macro   0x0000000000001fca       0xaa ./Core/Src/freertos.o
 .debug_macro   0x0000000000002074       0x91 ./Core/Src/freertos.o
 .debug_macro   0x0000000000002105       0x8d ./Core/Src/freertos.o
 .debug_macro   0x0000000000002192       0x7e ./Core/Src/freertos.o
 .debug_macro   0x0000000000002210       0x19 ./Core/Src/freertos.o
 .debug_macro   0x0000000000002229       0xf2 ./Core/Src/freertos.o
 .debug_macro   0x000000000000231b       0x1c ./Core/Src/freertos.o
 .debug_macro   0x0000000000002337      0x341 ./Core/Src/freertos.o
 .debug_macro   0x0000000000002678       0x10 ./Core/Src/freertos.o
 .debug_macro   0x0000000000002688       0x10 ./Core/Src/freertos.o
 .debug_macro   0x0000000000002698       0x1c ./Core/Src/freertos.o
 .debug_macro   0x00000000000026b4       0x52 ./Core/Src/freertos.o
 .debug_macro   0x0000000000002706       0x22 ./Core/Src/freertos.o
 .debug_macro   0x0000000000002728       0x10 ./Core/Src/freertos.o
 .debug_macro   0x0000000000002738       0x52 ./Core/Src/freertos.o
 .debug_macro   0x000000000000278a       0xd5 ./Core/Src/freertos.o
 .debug_macro   0x000000000000285f       0x1c ./Core/Src/freertos.o
 .debug_macro   0x000000000000287b       0x3d ./Core/Src/freertos.o
 .debug_macro   0x00000000000028b8       0x16 ./Core/Src/freertos.o
 .debug_macro   0x00000000000028ce      0x145 ./Core/Src/freertos.o
 .debug_macro   0x0000000000002a13      0x296 ./Core/Src/main.o
 .debug_macro   0x0000000000002ca9      0x2a0 ./Core/Src/stm32f4xx_it.o
 .debug_macro   0x0000000000002f49      0x116 ./Core/Src/system_stm32f4xx.o
 .debug_macro   0x000000000000305f       0x71 ./Core/Src/system_stm32f4xx.o
 .debug_macro   0x00000000000030d0       0x1c ./Core/Src/system_stm32f4xx.o
 .debug_macro   0x00000000000030ec       0x22 ./Core/Src/system_stm32f4xx.o
 .debug_macro   0x000000000000310e       0xd9 ./Core/Src/system_stm32f4xx.o
 .debug_macro   0x00000000000031e7     0x102d ./Core/Src/system_stm32f4xx.o
 .debug_macro   0x0000000000004214      0x11f ./Core/Src/system_stm32f4xx.o
 .debug_macro   0x0000000000004333     0x961b ./Core/Src/system_stm32f4xx.o
 .debug_macro   0x000000000000d94e      0x471 ./Core/Src/system_stm32f4xx.o
 .debug_macro   0x000000000000ddbf      0x2fb ./Core/Src/system_stm32f4xx.o
 .debug_macro   0x000000000000e0ba      0x65b ./Core/Src/system_stm32f4xx.o
 .debug_macro   0x000000000000e715      0x36c ./Core/Src/system_stm32f4xx.o
 .debug_macro   0x000000000000ea81      0x220 ./Core/Src/system_stm32f4xx.o
 .debug_macro   0x000000000000eca1       0x7f ./Core/Src/system_stm32f4xx.o
 .debug_macro   0x000000000000ed20       0x35 ./Core/Src/system_stm32f4xx.o
 .debug_macro   0x000000000000ed55      0x210 ./Middlewares/Third_Party/FreeRTOS/Source/CMSIS_RTOS/cmsis_os.o
 .debug_macro   0x000000000000ef65       0x10 ./Middlewares/Third_Party/FreeRTOS/Source/CMSIS_RTOS/cmsis_os.o
 .debug_macro   0x000000000000ef75       0x20 ./Middlewares/Third_Party/FreeRTOS/Source/CMSIS_RTOS/cmsis_os.o
 .debug_macro   0x000000000000ef95       0x16 ./Middlewares/Third_Party/FreeRTOS/Source/CMSIS_RTOS/cmsis_os.o
 .debug_macro   0x000000000000efab       0xc7 ./Middlewares/Third_Party/FreeRTOS/Source/CMSIS_RTOS/cmsis_os.o
 .debug_macro   0x000000000000f072      0x199 ./Middlewares/Third_Party/FreeRTOS/Source/list.o
 .debug_macro   0x000000000000f20b      0x28b ./Middlewares/Third_Party/FreeRTOS/Source/tasks.o
 .debug_macro   0x000000000000f496       0x10 ./Middlewares/Third_Party/FreeRTOS/Source/tasks.o
 .debug_macro   0x000000000000f4a6      0x233 ./Middlewares/Third_Party/FreeRTOS/Source/portable/GCC/ARM_CM4F/port.o
 .debug_macro   0x000000000000f6d9      0x1c0 ./Middlewares/Third_Party/FreeRTOS/Source/portable/MemMang/heap_4.o

.debug_line     0x0000000000000000     0x5e24
 .debug_line    0x0000000000000000      0x71c ./Core/Src/freertos.o
 .debug_line    0x000000000000071c      0x716 ./Core/Src/main.o
 .debug_line    0x0000000000000e32      0x7da ./Core/Src/stm32f4xx_it.o
 .debug_line    0x000000000000160c      0x56a ./Core/Src/system_stm32f4xx.o
 .debug_line    0x0000000000001b76       0x89 ./Core/Startup/startup_stm32f429zitx.o
 .debug_line    0x0000000000001bff     0x11c1 ./Middlewares/Third_Party/FreeRTOS/Source/CMSIS_RTOS/cmsis_os.o
 .debug_line    0x0000000000002dc0      0x703 ./Middlewares/Third_Party/FreeRTOS/Source/list.o
 .debug_line    0x00000000000034c3     0x176a ./Middlewares/Third_Party/FreeRTOS/Source/tasks.o
 .debug_line    0x0000000000004c2d      0x8ca ./Middlewares/Third_Party/FreeRTOS/Source/portable/GCC/ARM_CM4F/port.o
 .debug_line    0x00000000000054f7      0x92d ./Middlewares/Third_Party/FreeRTOS/Source/portable/MemMang/heap_4.o

.debug_str      0x0000000000000000    0x57522
 .debug_str     0x0000000000000000     0xdf8a ./Core/Src/freertos.o
                                       0xe201 (size before relaxing)
 .debug_str     0x000000000000df8a      0x120 ./Core/Src/main.o
                                       0xde3b (size before relaxing)
 .debug_str     0x000000000000e0aa       0xe3 ./Core/Src/stm32f4xx_it.o
                                       0xdded (size before relaxing)
 .debug_str     0x000000000000e18d    0x469f1 ./Core/Src/system_stm32f4xx.o
                                      0x4a5d0 (size before relaxing)
 .debug_str     0x0000000000054b7e       0x36 ./Core/Startup/startup_stm32f429zitx.o
                                         0x69 (size before relaxing)
 .debug_str     0x0000000000054bb4      0xc18 ./Middlewares/Third_Party/FreeRTOS/Source/CMSIS_RTOS/cmsis_os.o
                                       0xe7ab (size before relaxing)
 .debug_str     0x00000000000557cc      0x20f ./Middlewares/Third_Party/FreeRTOS/Source/list.o
                                       0xa79e (size before relaxing)
 .debug_str     0x00000000000559db     0x1097 ./Middlewares/Third_Party/FreeRTOS/Source/tasks.o
                                       0xcdc7 (size before relaxing)
 .debug_str     0x0000000000056a72      0x783 ./Middlewares/Third_Party/FreeRTOS/Source/portable/GCC/ARM_CM4F/port.o
                                       0xa0b8 (size before relaxing)
 .debug_str     0x00000000000571f5      0x32d ./Middlewares/Third_Party/FreeRTOS/Source/portable/MemMang/heap_4.o
                                       0xb0e0 (size before relaxing)

.comment        0x0000000000000000       0x50
 .comment       0x0000000000000000       0x50 ./Core/Src/freertos.o
                                         0x51 (size before relaxing)
 .comment       0x0000000000000050       0x51 ./Core/Src/main.o
 .comment       0x0000000000000050       0x51 ./Core/Src/stm32f4xx_it.o
 .comment       0x0000000000000050       0x51 ./Core/Src/system_stm32f4xx.o
 .comment       0x0000000000000050       0x51 ./Middlewares/Third_Party/FreeRTOS/Source/CMSIS_RTOS/cmsis_os.o
 .comment       0x0000000000000050       0x51 ./Middlewares/Third_Party/FreeRTOS/Source/list.o
 .comment       0x0000000000000050       0x51 ./Middlewares/Third_Party/FreeRTOS/Source/tasks.o
 .comment       0x0000000000000050       0x51 ./Middlewares/Third_Party/FreeRTOS/Source/portable/GCC/ARM_CM4F/port.o
 .comment       0x0000000000000050       0x51 ./Middlewares/Third_Party/FreeRTOS/Source/portable/MemMang/heap_4.o

.debug_frame    0x0000000000000000     0x1804
 .debug_frame   0x0000000000000000       0x58 ./Core/Src/freertos.o
 .debug_frame   0x0000000000000058       0x4c ./Core/Src/main.o
 .debug_frame   0x00000000000000a4      0x128 ./Core/Src/stm32f4xx_it.o
 .debug_frame   0x00000000000001cc       0x58 ./Core/Src/system_stm32f4xx.o
 .debug_frame   0x0000000000000224      0x814 ./Middlewares/Third_Party/FreeRTOS/Source/CMSIS_RTOS/cmsis_os.o
 .debug_frame   0x0000000000000a38       0xd8 ./Middlewares/Third_Party/FreeRTOS/Source/list.o
 .debug_frame   0x0000000000000b10      0x6c8 ./Middlewares/Third_Party/FreeRTOS/Source/tasks.o
 .debug_frame   0x00000000000011d8      0x1a8 ./Middlewares/Third_Party/FreeRTOS/Source/portable/GCC/ARM_CM4F/port.o
 .debug_frame   0x0000000000001380      0x12c ./Middlewares/Third_Party/FreeRTOS/Source/portable/MemMang/heap_4.o
 .debug_frame   0x00000000000014ac      0x14c c:/st/stm32cubeide_1.9.0/stm32cubeide/plugins/com.st.stm32cube.ide.mcu.externaltools.gnu-tools-for-stm32.10.3-2021.10.win32_1.0.0.202111181127/tools/bin/../lib/gcc/arm-none-eabi/10.3.1/../../../../arm-none-eabi/lib/thumb/v7e-m+fp/hard\libc_nano.a(lib_a-findfp.o)
 .debug_frame   0x00000000000015f8       0x2c c:/st/stm32cubeide_1.9.0/stm32cubeide/plugins/com.st.stm32cube.ide.mcu.externaltools.gnu-tools-for-stm32.10.3-2021.10.win32_1.0.0.202111181127/tools/bin/../lib/gcc/arm-none-eabi/10.3.1/../../../../arm-none-eabi/lib/thumb/v7e-m+fp/hard\libc_nano.a(lib_a-init.o)
 .debug_frame   0x0000000000001624       0xb0 c:/st/stm32cubeide_1.9.0/stm32cubeide/plugins/com.st.stm32cube.ide.mcu.externaltools.gnu-tools-for-stm32.10.3-2021.10.win32_1.0.0.202111181127/tools/bin/../lib/gcc/arm-none-eabi/10.3.1/../../../../arm-none-eabi/lib/thumb/v7e-m+fp/hard\libc_nano.a(lib_a-lock.o)
 .debug_frame   0x00000000000016d4       0x20 c:/st/stm32cubeide_1.9.0/stm32cubeide/plugins/com.st.stm32cube.ide.mcu.externaltools.gnu-tools-for-stm32.10.3-2021.10.win32_1.0.0.202111181127/tools/bin/../lib/gcc/arm-none-eabi/10.3.1/../../../../arm-none-eabi/lib/thumb/v7e-m+fp/hard\libc_nano.a(lib_a-memset.o)
 .debug_frame   0x00000000000016f4       0x4c c:/st/stm32cubeide_1.9.0/stm32cubeide/plugins/com.st.stm32cube.ide.mcu.externaltools.gnu-tools-for-stm32.10.3-2021.10.win32_1.0.0.202111181127/tools/bin/../lib/gcc/arm-none-eabi/10.3.1/../../../../arm-none-eabi/lib/thumb/v7e-m+fp/hard\libc_nano.a(lib_a-nano-mallocr.o)
 .debug_frame   0x0000000000001740       0x5c c:/st/stm32cubeide_1.9.0/stm32cubeide/plugins/com.st.stm32cube.ide.mcu.externaltools.gnu-tools-for-stm32.10.3-2021.10.win32_1.0.0.202111181127/tools/bin/../lib/gcc/arm-none-eabi/10.3.1/../../../../arm-none-eabi/lib/thumb/v7e-m+fp/hard\libc_nano.a(lib_a-reent.o)
 .debug_frame   0x000000000000179c       0x30 c:/st/stm32cubeide_1.9.0/stm32cubeide/plugins/com.st.stm32cube.ide.mcu.externaltools.gnu-tools-for-stm32.10.3-2021.10.win32_1.0.0.202111181127/tools/bin/../lib/gcc/arm-none-eabi/10.3.1/../../../../arm-none-eabi/lib/thumb/v7e-m+fp/hard\libc_nano.a(lib_a-mlock.o)
 .debug_frame   0x00000000000017cc       0x38 c:/st/stm32cubeide_1.9.0/stm32cubeide/plugins/com.st.stm32cube.ide.mcu.externaltools.gnu-tools-for-stm32.10.3-2021.10.win32_1.0.0.202111181127/tools/bin/../lib/gcc/arm-none-eabi/10.3.1/../../../../arm-none-eabi/lib/thumb/v7e-m+fp/hard\libc_nano.a(lib_a-nano-freer.o)
